This file contains any messages produced by compilers while
running configure, to aid debugging if configure makes a mistake.

It was created by Haskell network package configure 3.2.7.0, which was
generated by GNU Autoconf 2.72.  Invocation command line was

  $ //etc/nixos/assets/xmobar/dist-newstyle/tmp/src-30691/network-3.2.8.0/configure --with-compiler=ghc --prefix=/home/foko/.local/state/cabal/store/ghc-9.8.4-4a67/network-3.2.8.0-2546860f5a388543f73b568119f9e574892d02f373ff227fe32e5e5b201b9269 --bindir=/home/foko/.local/state/cabal/store/ghc-9.8.4-4a67/network-3.2.8.0-2546860f5a388543f73b568119f9e574892d02f373ff227fe32e5e5b201b9269/bin --libdir=/home/foko/.local/state/cabal/store/ghc-9.8.4-4a67/network-3.2.8.0-2546860f5a388543f73b568119f9e574892d02f373ff227fe32e5e5b201b9269/lib --libexecdir=/home/foko/.local/state/cabal/store/ghc-9.8.4-4a67/network-3.2.8.0-2546860f5a388543f73b568119f9e574892d02f373ff227fe32e5e5b201b9269/libexec --datadir=/home/foko/.local/state/cabal/store/ghc-9.8.4-4a67/network-3.2.8.0-2546860f5a388543f73b568119f9e574892d02f373ff227fe32e5e5b201b9269/share --sysconfdir=/home/foko/.local/state/cabal/store/ghc-9.8.4-4a67/network-3.2.8.0-2546860f5a388543f73b568119f9e574892d02f373ff227fe32e5e5b201b9269/etc CC=/nix/store/67x7pknz0qa2j16x02idf0x98lpcspah-gcc-wrapper-14.3.0/bin/cc

## --------- ##
## Platform. ##
## --------- ##

hostname = fokopc
uname -m = x86_64
uname -r = 6.12.41
uname -s = Linux
uname -v = #1-NixOS SMP PREEMPT_DYNAMIC Fri Aug  1 08:48:47 UTC 2025

/usr/bin/uname -p = unknown
/bin/uname -X     = unknown

/bin/arch              = unknown
/usr/bin/arch -k       = unknown
/usr/convex/getsysinfo = unknown
/usr/bin/hostinfo      = unknown
/bin/machine           = unknown
/usr/bin/oslevel       = unknown
/bin/universe          = unknown

PATH: /home/foko/.local/state/cabal/store/ghc-9.8.4-4a67/hsc2hs-0.68.10-e-hsc2hs-ccd5b94343b9f38fa1cfc992795bee6aa6699efdec697130b3579bec39be70f6/bin/
PATH: /nix/store/00rjqqrpfbjjjp5xm3gs4kh2336ai0jb-groff-1.23.0/bin/
PATH: /nix/store/lb33m49aslmvkx5l4xrkiy7m6nbh2kqf-bash-interactive-5.3p0/bin/
PATH: /nix/store/26v238sdw2c5vrkjmip1xp4bm1632f7a-ghc-9.8.4/bin/
PATH: /nix/store/4kark163478mlnx42k2gakrji1z43z9m-ncurses-6.5/bin/
PATH: /nix/store/73p6flqkcfnkcsxvciq3bjcz4l2f2g0a-remove-references-to/bin/
PATH: /nix/store/zsms491g8xix4p9m5lckpm804913w2gv-patchelf-0.15.0/bin/
PATH: /nix/store/67x7pknz0qa2j16x02idf0x98lpcspah-gcc-wrapper-14.3.0/bin/
PATH: /nix/store/qnwxpk0in4bm43q2qnykvkjxa9qhqd0z-gcc-14.3.0/bin/
PATH: /nix/store/qkn51kys93mngwvxkjzcfbwr6rysj2a3-glibc-2.40-66-bin/bin/
PATH: /nix/store/ih779chzzag1nm91fgnrndml4mghm3la-coreutils-9.7/bin/
PATH: /nix/store/lv91pnk6dqvw0xmbi5irli7m6nikfr33-binutils-wrapper-2.44/bin/
PATH: /nix/store/wi0nl3i48dl27dalzrrlq4n9a6mrl63y-binutils-2.44/bin/
PATH: /nix/store/rvsqx3zv5m70i8gaax9xbwsqkrjgaaqi-cairo-1.18.4-dev/bin/
PATH: /nix/store/33yfg3y5wiaj8gcgayzpqzpbq5y4xpjw-freetype-2.13.3-dev/bin/
PATH: /nix/store/caj219y7i877dhda2n81nqs6plhy8pqz-bzip2-1.0.8-bin/bin/
PATH: /nix/store/a8s3qf5ydqbpqcshg1dgga9lag3xgbbp-brotli-1.1.0/bin/
PATH: /nix/store/hzwap6hwcy1i6hg5ncd81fja5cxakd3m-libpng-apng-1.6.47-dev/bin/
PATH: /nix/store/9v30pp9cz7bjy1sa43f2kwc0yv6605lq-fontconfig-2.16.2-bin/bin/
PATH: /nix/store/adzh287p7iwf5j6l9xkffzcm9vbszjvw-glib-2.84.3-dev/bin/
PATH: /nix/store/m705ap2d06cz67bl8xssz33rl9axy3pm-gettext-0.25.1/bin/
PATH: /nix/store/lyk3mpa9i5x8176y531fan14c92pj2b5-glib-2.84.3-bin/bin/
PATH: /nix/store/wc9bdrifnj4nbah1x9ig4cprknn7n1g2-harfbuzz-11.2.1-dev/bin/
PATH: /nix/store/fz27xn16j1j3svm431vxbgxrl744s4q8-graphite2-1.3.14/bin/
PATH: /nix/store/24qss0lrb5l5r572x7scc2q3g1gbwilm-pango-1.56.3-bin/bin/
PATH: /nix/store/7vrzhnby95407cbbahn3fj3y98qifgby-pkg-config-wrapper-0.29.2/bin/
PATH: /nix/store/p48q92ia9clfm0icachn7fv9zkyzykf9-xmobar-0.49-bin/bin/
PATH: /nix/store/qmb1gdb6vpglh578m7lgkdyfr1i3bhkn-xmonad-0.18.0/bin/
PATH: /nix/store/ih779chzzag1nm91fgnrndml4mghm3la-coreutils-9.7/bin/
PATH: /nix/store/3xi6s71d3znq0ivl2r7ypg5rsz71j16h-findutils-4.10.0/bin/
PATH: /nix/store/3y665d2l6l3bp6apj012awks60wsx42i-diffutils-3.12/bin/
PATH: /nix/store/ql68miwsgz9094bi3qa7nk17bfwf6h6a-gnused-4.9/bin/
PATH: /nix/store/k7gv42hpqwh6ghiyl4ava9p5r249x6vn-gnugrep-3.12/bin/
PATH: /nix/store/rlxhn6k70xwsyydv3vrawlhghffwkyvi-gawk-5.3.2/bin/
PATH: /nix/store/bpn20jn4235mij1372xvpmibgzzpqa3m-gnutar-1.35/bin/
PATH: /nix/store/g5fgsp4afxbm352jyyvk2yfygmnj7i57-gzip-1.14/bin/
PATH: /nix/store/caj219y7i877dhda2n81nqs6plhy8pqz-bzip2-1.0.8-bin/bin/
PATH: /nix/store/dlidjkvgpd8g9fqxjnrvybwlv47j1qjc-gnumake-4.4.1/bin/
PATH: /nix/store/gkwbw9nzbkbz298njbn3577zmrnglbbi-bash-5.3p0/bin/
PATH: /nix/store/6ghk0jfhngcr22mr6vpp4ly5pn8k3fsv-patch-2.8/bin/
PATH: /nix/store/7hkhqmlsdv2nq3lb41qs1jym8k6xrwcn-xz-5.8.1-bin/bin/
PATH: /nix/store/x80r0d1zplpl268282a2azg32yf6g1rc-file-5.45/bin/
PATH: /run/wrappers/bin/
PATH: /home/foko/.nix-profile/bin/
PATH: /nix/profile/bin/
PATH: /home/foko/.local/state/nix/profile/bin/
PATH: /etc/profiles/per-user/foko/bin/
PATH: /nix/var/nix/profiles/default/bin/
PATH: /run/current-system/sw/bin/
PATH: /nix/store/k75dxigqjiqbg7i9rfkmx4m9q4fpv6h5-kitty-0.42.2/bin/
PATH: /nix/store/71zmb5blvs1w6fkiwayidzx8mbmqiyl7-imagemagick-7.1.2-0/bin/
PATH: /nix/store/z1l05nn4xyaxv25f9pvi7bkmw6jmb48c-ncurses-6.5-dev/bin/


## ----------- ##
## Core tests. ##
## ----------- ##

configure:2431: looking for aux files: config.guess config.sub
configure:2444:  trying //etc/nixos/assets/xmobar/dist-newstyle/tmp/src-30691/network-3.2.8.0/
configure:2473:   //etc/nixos/assets/xmobar/dist-newstyle/tmp/src-30691/network-3.2.8.0/config.guess found
configure:2473:   //etc/nixos/assets/xmobar/dist-newstyle/tmp/src-30691/network-3.2.8.0/config.sub found
configure:2653: checking build system type
configure:2669: result: x86_64-pc-linux-gnu
configure:2689: checking host system type
configure:2704: result: x86_64-pc-linux-gnu
configure:2795: checking for gcc
configure:2828: result: /nix/store/67x7pknz0qa2j16x02idf0x98lpcspah-gcc-wrapper-14.3.0/bin/cc
configure:3187: checking for C compiler version
configure:3196: /nix/store/67x7pknz0qa2j16x02idf0x98lpcspah-gcc-wrapper-14.3.0/bin/cc --version >&5
gcc (GCC) 14.3.0
Copyright (C) 2024 Free Software Foundation, Inc.
This is free software; see the source for copying conditions.  There is NO
warranty; not even for MERCHANTABILITY or FITNESS FOR A PARTICULAR PURPOSE.

configure:3207: $? = 0
configure:3196: /nix/store/67x7pknz0qa2j16x02idf0x98lpcspah-gcc-wrapper-14.3.0/bin/cc -v >&5
Using built-in specs.
COLLECT_GCC=/nix/store/qnwxpk0in4bm43q2qnykvkjxa9qhqd0z-gcc-14.3.0/bin/gcc
COLLECT_LTO_WRAPPER=/nix/store/qnwxpk0in4bm43q2qnykvkjxa9qhqd0z-gcc-14.3.0/libexec/gcc/x86_64-unknown-linux-gnu/14.3.0/lto-wrapper
Target: x86_64-unknown-linux-gnu
Configured with: ../gcc-14.3.0/configure --prefix=/nix/store/eeeeeeeeeeeeeeeeeeeeeeeeeeeeeeee-gcc-14.3.0 --with-gmp-include=/nix/store/eeeeeeeeeeeeeeeeeeeeeeeeeeeeeeee-gmp-6.3.0-dev/include --with-gmp-lib=/nix/store/eeeeeeeeeeeeeeeeeeeeeeeeeeeeeeee-gmp-6.3.0/lib --with-mpfr-include=/nix/store/eeeeeeeeeeeeeeeeeeeeeeeeeeeeeeee-mpfr-4.2.2-dev/include --with-mpfr-lib=/nix/store/eeeeeeeeeeeeeeeeeeeeeeeeeeeeeeee-mpfr-4.2.2/lib --with-mpc=/nix/store/eeeeeeeeeeeeeeeeeeeeeeeeeeeeeeee-libmpc-1.3.1 --with-native-system-header-dir=/nix/store/eeeeeeeeeeeeeeeeeeeeeeeeeeeeeeee-glibc-2.40-66-dev/include --with-build-sysroot=/ --with-gxx-include-dir=/nix/store/eeeeeeeeeeeeeeeeeeeeeeeeeeeeeeee-gcc-14.3.0/include/c++/14.3.0/ --program-prefix= --enable-lto --disable-libstdcxx-pch --without-included-gettext --with-system-zlib --enable-static --enable-languages=c,c++ --disable-multilib --enable-plugin --disable-libcc1 --with-isl=/nix/store/eeeeeeeeeeeeeeeeeeeeeeeeeeeeeeee-isl-0.20 --disable-bootstrap --build=x86_64-unknown-linux-gnu --host=x86_64-unknown-linux-gnu --target=x86_64-unknown-linux-gnu
Thread model: posix
Supported LTO compression algorithms: zlib
gcc version 14.3.0 (GCC) 
configure:3207: $? = 0
configure:3196: /nix/store/67x7pknz0qa2j16x02idf0x98lpcspah-gcc-wrapper-14.3.0/bin/cc -V >&5
gcc: error: unrecognized command-line option '-V'
gcc: fatal error: no input files
compilation terminated.
configure:3207: $? = 1
configure:3196: /nix/store/67x7pknz0qa2j16x02idf0x98lpcspah-gcc-wrapper-14.3.0/bin/cc -qversion >&5
gcc: error: unrecognized command-line option '-qversion'; did you mean '--version'?
gcc: fatal error: no input files
compilation terminated.
configure:3207: $? = 1
configure:3196: /nix/store/67x7pknz0qa2j16x02idf0x98lpcspah-gcc-wrapper-14.3.0/bin/cc -version >&5
gcc: error: unrecognized command-line option '-version'
gcc: fatal error: no input files
compilation terminated.
configure:3207: $? = 1
configure:3227: checking whether the C compiler works
configure:3249: /nix/store/67x7pknz0qa2j16x02idf0x98lpcspah-gcc-wrapper-14.3.0/bin/cc -fuse-ld=gold   conftest.c  >&5
configure:3253: $? = 0
configure:3304: result: yes
configure:3308: checking for C compiler default output file name
configure:3310: result: a.out
configure:3316: checking for suffix of executables
configure:3323: /nix/store/67x7pknz0qa2j16x02idf0x98lpcspah-gcc-wrapper-14.3.0/bin/cc -o conftest -fuse-ld=gold   conftest.c  >&5
configure:3327: $? = 0
configure:3351: result: 
configure:3375: checking whether we are cross compiling
configure:3383: /nix/store/67x7pknz0qa2j16x02idf0x98lpcspah-gcc-wrapper-14.3.0/bin/cc -o conftest -fuse-ld=gold   conftest.c  >&5
configure:3387: $? = 0
configure:3394: ./conftest
configure:3398: $? = 0
configure:3413: result: no
configure:3419: checking for suffix of object files
configure:3442: /nix/store/67x7pknz0qa2j16x02idf0x98lpcspah-gcc-wrapper-14.3.0/bin/cc -c -fuse-ld=gold  conftest.c >&5
configure:3446: $? = 0
configure:3470: result: o
configure:3474: checking whether the compiler supports GNU C
configure:3494: /nix/store/67x7pknz0qa2j16x02idf0x98lpcspah-gcc-wrapper-14.3.0/bin/cc -c -fuse-ld=gold  conftest.c >&5
configure:3494: $? = 0
configure:3506: result: yes
configure:3517: checking whether /nix/store/67x7pknz0qa2j16x02idf0x98lpcspah-gcc-wrapper-14.3.0/bin/cc accepts -g
configure:3538: /nix/store/67x7pknz0qa2j16x02idf0x98lpcspah-gcc-wrapper-14.3.0/bin/cc -c -g  conftest.c >&5
configure:3538: $? = 0
configure:3585: result: yes
configure:3605: checking for /nix/store/67x7pknz0qa2j16x02idf0x98lpcspah-gcc-wrapper-14.3.0/bin/cc option to enable C11 features
configure:3620: /nix/store/67x7pknz0qa2j16x02idf0x98lpcspah-gcc-wrapper-14.3.0/bin/cc  -c -fuse-ld=gold  conftest.c >&5
configure:3620: $? = 0
configure:3639: result: none needed
configure:3759: checking for an ANSI C-conforming const
configure:3826: /nix/store/67x7pknz0qa2j16x02idf0x98lpcspah-gcc-wrapper-14.3.0/bin/cc -c -fuse-ld=gold  conftest.c >&5
configure:3826: $? = 0
configure:3836: result: yes
configure:3849: checking for stdio.h
configure:3849: /nix/store/67x7pknz0qa2j16x02idf0x98lpcspah-gcc-wrapper-14.3.0/bin/cc -c -fuse-ld=gold  conftest.c >&5
configure:3849: $? = 0
configure:3849: result: yes
configure:3849: checking for stdlib.h
configure:3849: /nix/store/67x7pknz0qa2j16x02idf0x98lpcspah-gcc-wrapper-14.3.0/bin/cc -c -fuse-ld=gold  conftest.c >&5
configure:3849: $? = 0
configure:3849: result: yes
configure:3849: checking for string.h
configure:3849: /nix/store/67x7pknz0qa2j16x02idf0x98lpcspah-gcc-wrapper-14.3.0/bin/cc -c -fuse-ld=gold  conftest.c >&5
configure:3849: $? = 0
configure:3849: result: yes
configure:3849: checking for inttypes.h
configure:3849: /nix/store/67x7pknz0qa2j16x02idf0x98lpcspah-gcc-wrapper-14.3.0/bin/cc -c -fuse-ld=gold  conftest.c >&5
configure:3849: $? = 0
configure:3849: result: yes
configure:3849: checking for stdint.h
configure:3849: /nix/store/67x7pknz0qa2j16x02idf0x98lpcspah-gcc-wrapper-14.3.0/bin/cc -c -fuse-ld=gold  conftest.c >&5
configure:3849: $? = 0
configure:3849: result: yes
configure:3849: checking for strings.h
configure:3849: /nix/store/67x7pknz0qa2j16x02idf0x98lpcspah-gcc-wrapper-14.3.0/bin/cc -c -fuse-ld=gold  conftest.c >&5
configure:3849: $? = 0
configure:3849: result: yes
configure:3849: checking for sys/stat.h
configure:3849: /nix/store/67x7pknz0qa2j16x02idf0x98lpcspah-gcc-wrapper-14.3.0/bin/cc -c -fuse-ld=gold  conftest.c >&5
configure:3849: $? = 0
configure:3849: result: yes
configure:3849: checking for sys/types.h
configure:3849: /nix/store/67x7pknz0qa2j16x02idf0x98lpcspah-gcc-wrapper-14.3.0/bin/cc -c -fuse-ld=gold  conftest.c >&5
configure:3849: $? = 0
configure:3849: result: yes
configure:3849: checking for unistd.h
configure:3849: /nix/store/67x7pknz0qa2j16x02idf0x98lpcspah-gcc-wrapper-14.3.0/bin/cc -c -fuse-ld=gold  conftest.c >&5
configure:3849: $? = 0
configure:3849: result: yes
configure:3874: checking for limits.h
configure:3874: /nix/store/67x7pknz0qa2j16x02idf0x98lpcspah-gcc-wrapper-14.3.0/bin/cc -c -fuse-ld=gold  conftest.c >&5
configure:3874: $? = 0
configure:3874: result: yes
configure:3880: checking for stdlib.h
configure:3880: result: yes
configure:3886: checking for unistd.h
configure:3886: result: yes
configure:3892: checking for sys/types.h
configure:3892: result: yes
configure:3898: checking for fcntl.h
configure:3898: /nix/store/67x7pknz0qa2j16x02idf0x98lpcspah-gcc-wrapper-14.3.0/bin/cc -c -fuse-ld=gold  conftest.c >&5
configure:3898: $? = 0
configure:3898: result: yes
configure:3905: checking for sys/uio.h
configure:3905: /nix/store/67x7pknz0qa2j16x02idf0x98lpcspah-gcc-wrapper-14.3.0/bin/cc -c -fuse-ld=gold  conftest.c >&5
configure:3905: $? = 0
configure:3905: result: yes
configure:3911: checking for sys/socket.h
configure:3911: /nix/store/67x7pknz0qa2j16x02idf0x98lpcspah-gcc-wrapper-14.3.0/bin/cc -c -fuse-ld=gold  conftest.c >&5
configure:3911: $? = 0
configure:3911: result: yes
configure:3917: checking for netinet/in.h
configure:3917: /nix/store/67x7pknz0qa2j16x02idf0x98lpcspah-gcc-wrapper-14.3.0/bin/cc -c -fuse-ld=gold  conftest.c >&5
configure:3917: $? = 0
configure:3917: result: yes
configure:3923: checking for netinet/tcp.h
configure:3923: /nix/store/67x7pknz0qa2j16x02idf0x98lpcspah-gcc-wrapper-14.3.0/bin/cc -c -fuse-ld=gold  conftest.c >&5
configure:3923: $? = 0
configure:3923: result: yes
configure:3930: checking for sys/un.h
configure:3930: /nix/store/67x7pknz0qa2j16x02idf0x98lpcspah-gcc-wrapper-14.3.0/bin/cc -c -fuse-ld=gold  conftest.c >&5
configure:3930: $? = 0
configure:3930: result: yes
configure:3936: checking for arpa/inet.h
configure:3936: /nix/store/67x7pknz0qa2j16x02idf0x98lpcspah-gcc-wrapper-14.3.0/bin/cc -c -fuse-ld=gold  conftest.c >&5
configure:3936: $? = 0
configure:3936: result: yes
configure:3942: checking for netdb.h
configure:3942: /nix/store/67x7pknz0qa2j16x02idf0x98lpcspah-gcc-wrapper-14.3.0/bin/cc -c -fuse-ld=gold  conftest.c >&5
configure:3942: $? = 0
configure:3942: result: yes
configure:3949: checking for net/if.h
configure:3949: /nix/store/67x7pknz0qa2j16x02idf0x98lpcspah-gcc-wrapper-14.3.0/bin/cc -c -fuse-ld=gold  conftest.c >&5
configure:3949: $? = 0
configure:3949: result: yes
configure:3955: checking for netioapi.h
configure:3955: /nix/store/67x7pknz0qa2j16x02idf0x98lpcspah-gcc-wrapper-14.3.0/bin/cc -c -fuse-ld=gold  conftest.c >&5

## ---------------- ##
## Cache variables. ##
## ---------------- ##

ac_cv_build=x86_64-pc-linux-gnu
ac_cv_c_compiler_gnu=yes
ac_cv_c_const=yes
ac_cv_env_CC_set=set
ac_cv_env_CC_value=/nix/store/67x7pknz0qa2j16x02idf0x98lpcspah-gcc-wrapper-14.3.0/bin/cc
ac_cv_env_CFLAGS_set=set
ac_cv_env_CFLAGS_value=-fuse-ld=gold
ac_cv_env_CPPFLAGS_set=
ac_cv_env_CPPFLAGS_value=
ac_cv_env_LDFLAGS_set=
ac_cv_env_LDFLAGS_value=
ac_cv_env_LIBS_set=
ac_cv_env_LIBS_value=
ac_cv_env_build_alias_set=
ac_cv_env_build_alias_value=
ac_cv_env_host_alias_set=
ac_cv_env_host_alias_value=
ac_cv_env_target_alias_set=
ac_cv_env_target_alias_value=
ac_cv_header_arpa_inet_h=yes
ac_cv_header_fcntl_h=yes
ac_cv_header_inttypes_h=yes
ac_cv_header_limits_h=yes
ac_cv_header_net_if_h=yes
ac_cv_header_netdb_h=yes
ac_cv_header_netinet_in_h=yes
ac_cv_header_netinet_tcp_h=yes
ac_cv_header_stdint_h=yes
ac_cv_header_stdio_h=yes
ac_cv_header_stdlib_h=yes
ac_cv_header_string_h=yes
ac_cv_header_strings_h=yes
ac_cv_header_sys_socket_h=yes
ac_cv_header_sys_stat_h=yes
ac_cv_header_sys_types_h=yes
ac_cv_header_sys_uio_h=yes
ac_cv_header_sys_un_h=yes
ac_cv_header_unistd_h=yes
ac_cv_host=x86_64-pc-linux-gnu
ac_cv_objext=o
ac_cv_prog_ac_ct_CC=/nix/store/67x7pknz0qa2j16x02idf0x98lpcspah-gcc-wrapper-14.3.0/bin/cc
ac_cv_prog_cc_c11=
ac_cv_prog_cc_g=yes
ac_cv_prog_cc_stdc=

## ----------------- ##
## Output variables. ##
## ----------------- ##

CC='/nix/store/67x7pknz0qa2j16x02idf0x98lpcspah-gcc-wrapper-14.3.0/bin/cc'
CFLAGS='-fuse-ld=gold'
CPPFLAGS=''
DEFS=''
ECHO_C=''
ECHO_N='-n'
ECHO_T=''
EXEEXT=''
LDFLAGS=''
LIBOBJS=''
LIBS=''
LTLIBOBJS=''
OBJEXT='o'
PACKAGE_BUGREPORT='libraries@haskell.org'
PACKAGE_NAME='Haskell network package'
PACKAGE_STRING='Haskell network package 3.2.7.0'
PACKAGE_TARNAME='network'
PACKAGE_URL=''
PACKAGE_VERSION='3.2.7.0'
PATH_SEPARATOR=':'
SHELL='/nix/store/gkwbw9nzbkbz298njbn3577zmrnglbbi-bash-5.3p0/bin/bash'
ac_ct_CC='/nix/store/67x7pknz0qa2j16x02idf0x98lpcspah-gcc-wrapper-14.3.0/bin/cc'
bindir='/home/foko/.local/state/cabal/store/ghc-9.8.4-4a67/network-3.2.8.0-2546860f5a388543f73b568119f9e574892d02f373ff227fe32e5e5b201b9269/bin'
build='x86_64-pc-linux-gnu'
build_alias=''
build_cpu='x86_64'
build_os='linux-gnu'
build_vendor='pc'
datadir='/home/foko/.local/state/cabal/store/ghc-9.8.4-4a67/network-3.2.8.0-2546860f5a388543f73b568119f9e574892d02f373ff227fe32e5e5b201b9269/share'
datarootdir='${prefix}/share'
docdir='${datarootdir}/doc/${PACKAGE_TARNAME}'
dvidir='${docdir}'
exec_prefix='NONE'
host='x86_64-pc-linux-gnu'
host_alias=''
host_cpu='x86_64'
host_os='linux-gnu'
host_vendor='pc'
htmldir='${docdir}'
includedir='${prefix}/include'
infodir='${datarootdir}/info'
libdir='/home/foko/.local/state/cabal/store/ghc-9.8.4-4a67/network-3.2.8.0-2546860f5a388543f73b568119f9e574892d02f373ff227fe32e5e5b201b9269/lib'
libexecdir='/home/foko/.local/state/cabal/store/ghc-9.8.4-4a67/network-3.2.8.0-2546860f5a388543f73b568119f9e574892d02f373ff227fe32e5e5b201b9269/libexec'
localedir='${datarootdir}/locale'
localstatedir='${prefix}/var'
mandir='${datarootdir}/man'
oldincludedir='/usr/include'
pdfdir='${docdir}'
prefix='/home/foko/.local/state/cabal/store/ghc-9.8.4-4a67/network-3.2.8.0-2546860f5a388543f73b568119f9e574892d02f373ff227fe32e5e5b201b9269'
program_transform_name='s,x,x,'
psdir='${docdir}'
runstatedir='${localstatedir}/run'
sbindir='${exec_prefix}/sbin'
sharedstatedir='${prefix}/com'
sysconfdir='/home/foko/.local/state/cabal/store/ghc-9.8.4-4a67/network-3.2.8.0-2546860f5a388543f73b568119f9e574892d02f373ff227fe32e5e5b201b9269/etc'
target_alias=''

## ----------- ##
## confdefs.h. ##
## ----------- ##

/* confdefs.h */
#define PACKAGE_NAME "Haskell network package"
#define PACKAGE_TARNAME "network"
#define PACKAGE_VERSION "3.2.7.0"
#define PACKAGE_STRING "Haskell network package 3.2.7.0"
#define PACKAGE_BUGREPORT "libraries@haskell.org"
#define PACKAGE_URL ""
#define HAVE_STDIO_H 1
#define HAVE_STDLIB_H 1
#define HAVE_STRING_H 1
#define HAVE_INTTYPES_H 1
#define HAVE_STDINT_H 1
#define HAVE_STRINGS_H 1
#define HAVE_SYS_STAT_H 1
#define HAVE_SYS_TYPES_H 1
#define HAVE_UNISTD_H 1
#define STDC_HEADERS 1
#define HAVE_LIMITS_H 1
#define HAVE_STDLIB_H 1
#define HAVE_UNISTD_H 1
#define HAVE_SYS_TYPES_H 1
#define HAVE_FCNTL_H 1
#define HAVE_SYS_UIO_H 1
#define HAVE_SYS_SOCKET_H 1
#define HAVE_NETINET_IN_H 1
#define HAVE_NETINET_TCP_H 1
#define HAVE_SYS_UN_H 1
#define HAVE_ARPA_INET_H 1
#define HAVE_NETDB_H 1
#define HAVE_NET_IF_H 1

configure: caught signal 2
configure: exit 1
