This file contains any messages produced by compilers while
running configure, to aid debugging if configure makes a mistake.

It was created by Haskell X11 package configure 1.4.6, which was
generated by GNU Autoconf 2.69.  Invocation command line was

  $ //etc/nixos/assets/xmobar/dist-newstyle/tmp/src-30681/X11-1.10.3/configure --with-compiler=ghc --prefix=/home/foko/.local/state/cabal/store/ghc-9.8.4-4a67/X11-1.10.3-ef6f70c668f7bcd96369bcecd6ef797b994506887e3b2b542beb6357e6445d56 --bindir=/home/foko/.local/state/cabal/store/ghc-9.8.4-4a67/X11-1.10.3-ef6f70c668f7bcd96369bcecd6ef797b994506887e3b2b542beb6357e6445d56/bin --libdir=/home/foko/.local/state/cabal/store/ghc-9.8.4-4a67/X11-1.10.3-ef6f70c668f7bcd96369bcecd6ef797b994506887e3b2b542beb6357e6445d56/lib --libexecdir=/home/foko/.local/state/cabal/store/ghc-9.8.4-4a67/X11-1.10.3-ef6f70c668f7bcd96369bcecd6ef797b994506887e3b2b542beb6357e6445d56/libexec --datadir=/home/foko/.local/state/cabal/store/ghc-9.8.4-4a67/X11-1.10.3-ef6f70c668f7bcd96369bcecd6ef797b994506887e3b2b542beb6357e6445d56/share --sysconfdir=/home/foko/.local/state/cabal/store/ghc-9.8.4-4a67/X11-1.10.3-ef6f70c668f7bcd96369bcecd6ef797b994506887e3b2b542beb6357e6445d56/etc CC=/nix/store/67x7pknz0qa2j16x02idf0x98lpcspah-gcc-wrapper-14.3.0/bin/cc

## --------- ##
## Platform. ##
## --------- ##

hostname = fokopc
uname -m = x86_64
uname -r = 6.12.41
uname -s = Linux
uname -v = #1-NixOS SMP PREEMPT_DYNAMIC Fri Aug  1 08:48:47 UTC 2025

/usr/bin/uname -p = unknown
/bin/uname -X     = unknown

/bin/arch              = unknown
/usr/bin/arch -k       = unknown
/usr/convex/getsysinfo = unknown
/usr/bin/hostinfo      = unknown
/bin/machine           = unknown
/usr/bin/oslevel       = unknown
/bin/universe          = unknown

PATH: /nix/store/00rjqqrpfbjjjp5xm3gs4kh2336ai0jb-groff-1.23.0/bin
PATH: /nix/store/lb33m49aslmvkx5l4xrkiy7m6nbh2kqf-bash-interactive-5.3p0/bin
PATH: /nix/store/26v238sdw2c5vrkjmip1xp4bm1632f7a-ghc-9.8.4/bin
PATH: /nix/store/4kark163478mlnx42k2gakrji1z43z9m-ncurses-6.5/bin
PATH: /nix/store/73p6flqkcfnkcsxvciq3bjcz4l2f2g0a-remove-references-to/bin
PATH: /nix/store/zsms491g8xix4p9m5lckpm804913w2gv-patchelf-0.15.0/bin
PATH: /nix/store/67x7pknz0qa2j16x02idf0x98lpcspah-gcc-wrapper-14.3.0/bin
PATH: /nix/store/qnwxpk0in4bm43q2qnykvkjxa9qhqd0z-gcc-14.3.0/bin
PATH: /nix/store/qkn51kys93mngwvxkjzcfbwr6rysj2a3-glibc-2.40-66-bin/bin
PATH: /nix/store/ih779chzzag1nm91fgnrndml4mghm3la-coreutils-9.7/bin
PATH: /nix/store/lv91pnk6dqvw0xmbi5irli7m6nikfr33-binutils-wrapper-2.44/bin
PATH: /nix/store/wi0nl3i48dl27dalzrrlq4n9a6mrl63y-binutils-2.44/bin
PATH: /nix/store/rvsqx3zv5m70i8gaax9xbwsqkrjgaaqi-cairo-1.18.4-dev/bin
PATH: /nix/store/33yfg3y5wiaj8gcgayzpqzpbq5y4xpjw-freetype-2.13.3-dev/bin
PATH: /nix/store/caj219y7i877dhda2n81nqs6plhy8pqz-bzip2-1.0.8-bin/bin
PATH: /nix/store/a8s3qf5ydqbpqcshg1dgga9lag3xgbbp-brotli-1.1.0/bin
PATH: /nix/store/hzwap6hwcy1i6hg5ncd81fja5cxakd3m-libpng-apng-1.6.47-dev/bin
PATH: /nix/store/9v30pp9cz7bjy1sa43f2kwc0yv6605lq-fontconfig-2.16.2-bin/bin
PATH: /nix/store/adzh287p7iwf5j6l9xkffzcm9vbszjvw-glib-2.84.3-dev/bin
PATH: /nix/store/m705ap2d06cz67bl8xssz33rl9axy3pm-gettext-0.25.1/bin
PATH: /nix/store/lyk3mpa9i5x8176y531fan14c92pj2b5-glib-2.84.3-bin/bin
PATH: /nix/store/wc9bdrifnj4nbah1x9ig4cprknn7n1g2-harfbuzz-11.2.1-dev/bin
PATH: /nix/store/fz27xn16j1j3svm431vxbgxrl744s4q8-graphite2-1.3.14/bin
PATH: /nix/store/24qss0lrb5l5r572x7scc2q3g1gbwilm-pango-1.56.3-bin/bin
PATH: /nix/store/7vrzhnby95407cbbahn3fj3y98qifgby-pkg-config-wrapper-0.29.2/bin
PATH: /nix/store/p48q92ia9clfm0icachn7fv9zkyzykf9-xmobar-0.49-bin/bin
PATH: /nix/store/qmb1gdb6vpglh578m7lgkdyfr1i3bhkn-xmonad-0.18.0/bin
PATH: /nix/store/ih779chzzag1nm91fgnrndml4mghm3la-coreutils-9.7/bin
PATH: /nix/store/3xi6s71d3znq0ivl2r7ypg5rsz71j16h-findutils-4.10.0/bin
PATH: /nix/store/3y665d2l6l3bp6apj012awks60wsx42i-diffutils-3.12/bin
PATH: /nix/store/ql68miwsgz9094bi3qa7nk17bfwf6h6a-gnused-4.9/bin
PATH: /nix/store/k7gv42hpqwh6ghiyl4ava9p5r249x6vn-gnugrep-3.12/bin
PATH: /nix/store/rlxhn6k70xwsyydv3vrawlhghffwkyvi-gawk-5.3.2/bin
PATH: /nix/store/bpn20jn4235mij1372xvpmibgzzpqa3m-gnutar-1.35/bin
PATH: /nix/store/g5fgsp4afxbm352jyyvk2yfygmnj7i57-gzip-1.14/bin
PATH: /nix/store/caj219y7i877dhda2n81nqs6plhy8pqz-bzip2-1.0.8-bin/bin
PATH: /nix/store/dlidjkvgpd8g9fqxjnrvybwlv47j1qjc-gnumake-4.4.1/bin
PATH: /nix/store/gkwbw9nzbkbz298njbn3577zmrnglbbi-bash-5.3p0/bin
PATH: /nix/store/6ghk0jfhngcr22mr6vpp4ly5pn8k3fsv-patch-2.8/bin
PATH: /nix/store/7hkhqmlsdv2nq3lb41qs1jym8k6xrwcn-xz-5.8.1-bin/bin
PATH: /nix/store/x80r0d1zplpl268282a2azg32yf6g1rc-file-5.45/bin
PATH: /run/wrappers/bin
PATH: /home/foko/.nix-profile/bin
PATH: /nix/profile/bin
PATH: /home/foko/.local/state/nix/profile/bin
PATH: /etc/profiles/per-user/foko/bin
PATH: /nix/var/nix/profiles/default/bin
PATH: /run/current-system/sw/bin
PATH: /nix/store/k75dxigqjiqbg7i9rfkmx4m9q4fpv6h5-kitty-0.42.2/bin
PATH: /nix/store/71zmb5blvs1w6fkiwayidzx8mbmqiyl7-imagemagick-7.1.2-0/bin
PATH: /nix/store/z1l05nn4xyaxv25f9pvi7bkmw6jmb48c-ncurses-6.5-dev/bin


## ----------- ##
## Core tests. ##
## ----------- ##

configure:2200: checking for gcc
configure:2227: result: /nix/store/67x7pknz0qa2j16x02idf0x98lpcspah-gcc-wrapper-14.3.0/bin/cc
configure:2456: checking for C compiler version
configure:2465: /nix/store/67x7pknz0qa2j16x02idf0x98lpcspah-gcc-wrapper-14.3.0/bin/cc --version >&5
gcc (GCC) 14.3.0
Copyright (C) 2024 Free Software Foundation, Inc.
This is free software; see the source for copying conditions.  There is NO
warranty; not even for MERCHANTABILITY or FITNESS FOR A PARTICULAR PURPOSE.

configure:2476: $? = 0
configure:2465: /nix/store/67x7pknz0qa2j16x02idf0x98lpcspah-gcc-wrapper-14.3.0/bin/cc -v >&5
Using built-in specs.
COLLECT_GCC=/nix/store/qnwxpk0in4bm43q2qnykvkjxa9qhqd0z-gcc-14.3.0/bin/gcc
COLLECT_LTO_WRAPPER=/nix/store/qnwxpk0in4bm43q2qnykvkjxa9qhqd0z-gcc-14.3.0/libexec/gcc/x86_64-unknown-linux-gnu/14.3.0/lto-wrapper
Target: x86_64-unknown-linux-gnu
Configured with: ../gcc-14.3.0/configure --prefix=/nix/store/eeeeeeeeeeeeeeeeeeeeeeeeeeeeeeee-gcc-14.3.0 --with-gmp-include=/nix/store/eeeeeeeeeeeeeeeeeeeeeeeeeeeeeeee-gmp-6.3.0-dev/include --with-gmp-lib=/nix/store/eeeeeeeeeeeeeeeeeeeeeeeeeeeeeeee-gmp-6.3.0/lib --with-mpfr-include=/nix/store/eeeeeeeeeeeeeeeeeeeeeeeeeeeeeeee-mpfr-4.2.2-dev/include --with-mpfr-lib=/nix/store/eeeeeeeeeeeeeeeeeeeeeeeeeeeeeeee-mpfr-4.2.2/lib --with-mpc=/nix/store/eeeeeeeeeeeeeeeeeeeeeeeeeeeeeeee-libmpc-1.3.1 --with-native-system-header-dir=/nix/store/eeeeeeeeeeeeeeeeeeeeeeeeeeeeeeee-glibc-2.40-66-dev/include --with-build-sysroot=/ --with-gxx-include-dir=/nix/store/eeeeeeeeeeeeeeeeeeeeeeeeeeeeeeee-gcc-14.3.0/include/c++/14.3.0/ --program-prefix= --enable-lto --disable-libstdcxx-pch --without-included-gettext --with-system-zlib --enable-static --enable-languages=c,c++ --disable-multilib --enable-plugin --disable-libcc1 --with-isl=/nix/store/eeeeeeeeeeeeeeeeeeeeeeeeeeeeeeee-isl-0.20 --disable-bootstrap --build=x86_64-unknown-linux-gnu --host=x86_64-unknown-linux-gnu --target=x86_64-unknown-linux-gnu
Thread model: posix
Supported LTO compression algorithms: zlib
gcc version 14.3.0 (GCC) 
configure:2476: $? = 0
configure:2465: /nix/store/67x7pknz0qa2j16x02idf0x98lpcspah-gcc-wrapper-14.3.0/bin/cc -V >&5
gcc: error: unrecognized command-line option '-V'
gcc: fatal error: no input files
compilation terminated.
configure:2476: $? = 1
configure:2465: /nix/store/67x7pknz0qa2j16x02idf0x98lpcspah-gcc-wrapper-14.3.0/bin/cc -qversion >&5
gcc: error: unrecognized command-line option '-qversion'; did you mean '--version'?
gcc: fatal error: no input files
compilation terminated.
configure:2476: $? = 1
configure:2496: checking whether the C compiler works
configure:2518: /nix/store/67x7pknz0qa2j16x02idf0x98lpcspah-gcc-wrapper-14.3.0/bin/cc -fuse-ld=gold   conftest.c  >&5
configure:2522: $? = 0
configure:2570: result: yes
configure:2573: checking for C compiler default output file name
configure:2575: result: a.out
configure:2581: checking for suffix of executables
configure:2588: /nix/store/67x7pknz0qa2j16x02idf0x98lpcspah-gcc-wrapper-14.3.0/bin/cc -o conftest -fuse-ld=gold   conftest.c  >&5
configure:2592: $? = 0
configure:2614: result: 
configure:2636: checking whether we are cross compiling
configure:2644: /nix/store/67x7pknz0qa2j16x02idf0x98lpcspah-gcc-wrapper-14.3.0/bin/cc -o conftest -fuse-ld=gold   conftest.c  >&5
configure:2648: $? = 0
configure:2655: ./conftest
configure:2659: $? = 0
configure:2674: result: no
configure:2679: checking for suffix of object files
configure:2701: /nix/store/67x7pknz0qa2j16x02idf0x98lpcspah-gcc-wrapper-14.3.0/bin/cc -c -fuse-ld=gold  conftest.c >&5
configure:2705: $? = 0
configure:2726: result: o
configure:2730: checking whether we are using the GNU C compiler
configure:2749: /nix/store/67x7pknz0qa2j16x02idf0x98lpcspah-gcc-wrapper-14.3.0/bin/cc -c -fuse-ld=gold  conftest.c >&5
configure:2749: $? = 0
configure:2758: result: yes
configure:2767: checking whether /nix/store/67x7pknz0qa2j16x02idf0x98lpcspah-gcc-wrapper-14.3.0/bin/cc accepts -g
configure:2787: /nix/store/67x7pknz0qa2j16x02idf0x98lpcspah-gcc-wrapper-14.3.0/bin/cc -c -g  conftest.c >&5
configure:2787: $? = 0
configure:2828: result: yes
configure:2845: checking for /nix/store/67x7pknz0qa2j16x02idf0x98lpcspah-gcc-wrapper-14.3.0/bin/cc option to accept ISO C89
configure:2908: /nix/store/67x7pknz0qa2j16x02idf0x98lpcspah-gcc-wrapper-14.3.0/bin/cc  -c -fuse-ld=gold  conftest.c >&5
configure:2908: $? = 0
configure:2921: result: none needed
configure:2947: checking how to run the C preprocessor
configure:2978: /nix/store/67x7pknz0qa2j16x02idf0x98lpcspah-gcc-wrapper-14.3.0/bin/cc -E  conftest.c
configure:2978: $? = 0
configure:2992: /nix/store/67x7pknz0qa2j16x02idf0x98lpcspah-gcc-wrapper-14.3.0/bin/cc -E  conftest.c
conftest.c:9:10: fatal error: ac_nonexistent.h: No such file or directory
    9 | #include <ac_nonexistent.h>
      |          ^~~~~~~~~~~~~~~~~~
compilation terminated.
configure:2992: $? = 1
configure: failed program was:
| /* confdefs.h */
| #define PACKAGE_NAME "Haskell X11 package"
| #define PACKAGE_TARNAME "X11"
| #define PACKAGE_VERSION "1.4.6"
| #define PACKAGE_STRING "Haskell X11 package 1.4.6"
| #define PACKAGE_BUGREPORT "dons@galois.com"
| #define PACKAGE_URL ""
| /* end confdefs.h.  */
| #include <ac_nonexistent.h>
configure:3017: result: /nix/store/67x7pknz0qa2j16x02idf0x98lpcspah-gcc-wrapper-14.3.0/bin/cc -E
configure:3037: /nix/store/67x7pknz0qa2j16x02idf0x98lpcspah-gcc-wrapper-14.3.0/bin/cc -E  conftest.c
configure:3037: $? = 0
configure:3051: /nix/store/67x7pknz0qa2j16x02idf0x98lpcspah-gcc-wrapper-14.3.0/bin/cc -E  conftest.c
conftest.c:9:10: fatal error: ac_nonexistent.h: No such file or directory
    9 | #include <ac_nonexistent.h>
      |          ^~~~~~~~~~~~~~~~~~
compilation terminated.
configure:3051: $? = 1
configure: failed program was:
| /* confdefs.h */
| #define PACKAGE_NAME "Haskell X11 package"
| #define PACKAGE_TARNAME "X11"
| #define PACKAGE_VERSION "1.4.6"
| #define PACKAGE_STRING "Haskell X11 package 1.4.6"
| #define PACKAGE_BUGREPORT "dons@galois.com"
| #define PACKAGE_URL ""
| /* end confdefs.h.  */
| #include <ac_nonexistent.h>
configure:3080: checking for X
configure:3188: /nix/store/67x7pknz0qa2j16x02idf0x98lpcspah-gcc-wrapper-14.3.0/bin/cc -E  conftest.c
configure:3188: $? = 0
configure:3219: /nix/store/67x7pknz0qa2j16x02idf0x98lpcspah-gcc-wrapper-14.3.0/bin/cc -o conftest -fuse-ld=gold   conftest.c -lX11  >&5
configure:3219: $? = 0
configure:3269: result: libraries , headers 
configure:3368: /nix/store/67x7pknz0qa2j16x02idf0x98lpcspah-gcc-wrapper-14.3.0/bin/cc -o conftest -fuse-ld=gold   conftest.c   -lX11 >&5
configure:3368: $? = 0
configure:3466: checking for gethostbyname
configure:3466: /nix/store/67x7pknz0qa2j16x02idf0x98lpcspah-gcc-wrapper-14.3.0/bin/cc -o conftest -fuse-ld=gold   conftest.c  >&5
configure:3466: $? = 0
configure:3466: result: yes
configure:3563: checking for connect
configure:3563: /nix/store/67x7pknz0qa2j16x02idf0x98lpcspah-gcc-wrapper-14.3.0/bin/cc -o conftest -fuse-ld=gold   conftest.c  >&5
configure:3563: $? = 0
configure:3563: result: yes
configure:3612: checking for remove
configure:3612: /nix/store/67x7pknz0qa2j16x02idf0x98lpcspah-gcc-wrapper-14.3.0/bin/cc -o conftest -fuse-ld=gold   conftest.c  >&5
configure:3612: $? = 0
configure:3612: result: yes
configure:3661: checking for shmat
configure:3661: /nix/store/67x7pknz0qa2j16x02idf0x98lpcspah-gcc-wrapper-14.3.0/bin/cc -o conftest -fuse-ld=gold   conftest.c  >&5
configure:3661: $? = 0
configure:3661: result: yes
configure:3719: checking for IceConnectionNumber in -lICE
configure:3744: /nix/store/67x7pknz0qa2j16x02idf0x98lpcspah-gcc-wrapper-14.3.0/bin/cc -o conftest -fuse-ld=gold   conftest.c -lICE   >&5
/nix/store/wi0nl3i48dl27dalzrrlq4n9a6mrl63y-binutils-2.44/bin/ld.gold: error: cannot find -lICE
/tmp/nix-shell-14333-0/cc3IJotJ.o:conftest.c:function main:(.text.startup+0x7): error: undefined reference to 'IceConnectionNumber'
collect2: error: ld returned 1 exit status
configure:3744: $? = 1
configure: failed program was:
| /* confdefs.h */
| #define PACKAGE_NAME "Haskell X11 package"
| #define PACKAGE_TARNAME "X11"
| #define PACKAGE_VERSION "1.4.6"
| #define PACKAGE_STRING "Haskell X11 package 1.4.6"
| #define PACKAGE_BUGREPORT "dons@galois.com"
| #define PACKAGE_URL ""
| /* end confdefs.h.  */
| 
| /* Override any GCC internal prototype to avoid an error.
|    Use char because int might match the return type of a GCC
|    builtin and then its argument prototype would still apply.  */
| #ifdef __cplusplus
| extern "C"
| #endif
| char IceConnectionNumber ();
| int
| main ()
| {
| return IceConnectionNumber ();
|   ;
|   return 0;
| }
configure:3753: result: no
configure:3774: /nix/store/67x7pknz0qa2j16x02idf0x98lpcspah-gcc-wrapper-14.3.0/bin/cc -E   conftest.c
configure:3774: $? = 0
configure:3819: checking whether to build Xinerama
configure:3829: result: yes
configure:3833: checking for grep that handles long lines and -e
configure:3891: result: /nix/store/k7gv42hpqwh6ghiyl4ava9p5r249x6vn-gnugrep-3.12/bin/grep
configure:3896: checking for egrep
configure:3958: result: /nix/store/k7gv42hpqwh6ghiyl4ava9p5r249x6vn-gnugrep-3.12/bin/grep -E
configure:3963: checking for ANSI C header files
configure:3983: /nix/store/67x7pknz0qa2j16x02idf0x98lpcspah-gcc-wrapper-14.3.0/bin/cc -c -fuse-ld=gold   conftest.c >&5
configure:3983: $? = 0
configure:4056: /nix/store/67x7pknz0qa2j16x02idf0x98lpcspah-gcc-wrapper-14.3.0/bin/cc -o conftest -fuse-ld=gold    conftest.c  >&5
configure:4056: $? = 0
configure:4056: ./conftest
configure:4056: $? = 0
configure:4067: result: yes
configure:4080: checking for sys/types.h
configure:4080: /nix/store/67x7pknz0qa2j16x02idf0x98lpcspah-gcc-wrapper-14.3.0/bin/cc -c -fuse-ld=gold   conftest.c >&5
configure:4080: $? = 0
configure:4080: result: yes
configure:4080: checking for sys/stat.h
configure:4080: /nix/store/67x7pknz0qa2j16x02idf0x98lpcspah-gcc-wrapper-14.3.0/bin/cc -c -fuse-ld=gold   conftest.c >&5
configure:4080: $? = 0
configure:4080: result: yes
configure:4080: checking for stdlib.h
configure:4080: /nix/store/67x7pknz0qa2j16x02idf0x98lpcspah-gcc-wrapper-14.3.0/bin/cc -c -fuse-ld=gold   conftest.c >&5
configure:4080: $? = 0
configure:4080: result: yes
configure:4080: checking for string.h
configure:4080: /nix/store/67x7pknz0qa2j16x02idf0x98lpcspah-gcc-wrapper-14.3.0/bin/cc -c -fuse-ld=gold   conftest.c >&5
configure:4080: $? = 0
configure:4080: result: yes
configure:4080: checking for memory.h
configure:4080: /nix/store/67x7pknz0qa2j16x02idf0x98lpcspah-gcc-wrapper-14.3.0/bin/cc -c -fuse-ld=gold   conftest.c >&5
configure:4080: $? = 0
configure:4080: result: yes
configure:4080: checking for strings.h
configure:4080: /nix/store/67x7pknz0qa2j16x02idf0x98lpcspah-gcc-wrapper-14.3.0/bin/cc -c -fuse-ld=gold   conftest.c >&5
configure:4080: $? = 0
configure:4080: result: yes
configure:4080: checking for inttypes.h
configure:4080: /nix/store/67x7pknz0qa2j16x02idf0x98lpcspah-gcc-wrapper-14.3.0/bin/cc -c -fuse-ld=gold   conftest.c >&5
configure:4080: $? = 0
configure:4080: result: yes
configure:4080: checking for stdint.h
configure:4080: /nix/store/67x7pknz0qa2j16x02idf0x98lpcspah-gcc-wrapper-14.3.0/bin/cc -c -fuse-ld=gold   conftest.c >&5
configure:4080: $? = 0
configure:4080: result: yes
configure:4080: checking for unistd.h
configure:4080: /nix/store/67x7pknz0qa2j16x02idf0x98lpcspah-gcc-wrapper-14.3.0/bin/cc -c -fuse-ld=gold   conftest.c >&5
configure:4080: $? = 0
configure:4080: result: yes
configure:4094: checking X11/extensions/Xinerama.h usability
configure:4094: /nix/store/67x7pknz0qa2j16x02idf0x98lpcspah-gcc-wrapper-14.3.0/bin/cc -c -fuse-ld=gold   conftest.c >&5
conftest.c:54:10: fatal error: X11/extensions/Xinerama.h: No such file or directory
   54 | #include <X11/extensions/Xinerama.h>
      |          ^~~~~~~~~~~~~~~~~~~~~~~~~~~
compilation terminated.
configure:4094: $? = 1
configure: failed program was:
| /* confdefs.h */
| #define PACKAGE_NAME "Haskell X11 package"
| #define PACKAGE_TARNAME "X11"
| #define PACKAGE_VERSION "1.4.6"
| #define PACKAGE_STRING "Haskell X11 package 1.4.6"
| #define PACKAGE_BUGREPORT "dons@galois.com"
| #define PACKAGE_URL ""
| #define X_CFLAGS 
| #define X_LIBS 
| #define STDC_HEADERS 1
| #define HAVE_SYS_TYPES_H 1
| #define HAVE_SYS_STAT_H 1
| #define HAVE_STDLIB_H 1
| #define HAVE_STRING_H 1
| #define HAVE_MEMORY_H 1
| #define HAVE_STRINGS_H 1
| #define HAVE_INTTYPES_H 1
| #define HAVE_STDINT_H 1
| #define HAVE_UNISTD_H 1
| /* end confdefs.h.  */
| #include <stdio.h>
| #ifdef HAVE_SYS_TYPES_H
| # include <sys/types.h>
| #endif
| #ifdef HAVE_SYS_STAT_H
| # include <sys/stat.h>
| #endif
| #ifdef STDC_HEADERS
| # include <stdlib.h>
| # include <stddef.h>
| #else
| # ifdef HAVE_STDLIB_H
| #  include <stdlib.h>
| # endif
| #endif
| #ifdef HAVE_STRING_H
| # if !defined STDC_HEADERS && defined HAVE_MEMORY_H
| #  include <memory.h>
| # endif
| # include <string.h>
| #endif
| #ifdef HAVE_STRINGS_H
| # include <strings.h>
| #endif
| #ifdef HAVE_INTTYPES_H
| # include <inttypes.h>
| #endif
| #ifdef HAVE_STDINT_H
| # include <stdint.h>
| #endif
| #ifdef HAVE_UNISTD_H
| # include <unistd.h>
| #endif
| #include <X11/extensions/Xinerama.h>
configure:4094: result: no
configure:4094: checking X11/extensions/Xinerama.h presence
configure:4094: /nix/store/67x7pknz0qa2j16x02idf0x98lpcspah-gcc-wrapper-14.3.0/bin/cc -E   conftest.c
conftest.c:21:10: fatal error: X11/extensions/Xinerama.h: No such file or directory
   21 | #include <X11/extensions/Xinerama.h>
      |          ^~~~~~~~~~~~~~~~~~~~~~~~~~~
compilation terminated.
configure:4094: $? = 1
configure: failed program was:
| /* confdefs.h */
| #define PACKAGE_NAME "Haskell X11 package"
| #define PACKAGE_TARNAME "X11"
| #define PACKAGE_VERSION "1.4.6"
| #define PACKAGE_STRING "Haskell X11 package 1.4.6"
| #define PACKAGE_BUGREPORT "dons@galois.com"
| #define PACKAGE_URL ""
| #define X_CFLAGS 
| #define X_LIBS 
| #define STDC_HEADERS 1
| #define HAVE_SYS_TYPES_H 1
| #define HAVE_SYS_STAT_H 1
| #define HAVE_STDLIB_H 1
| #define HAVE_STRING_H 1
| #define HAVE_MEMORY_H 1
| #define HAVE_STRINGS_H 1
| #define HAVE_INTTYPES_H 1
| #define HAVE_STDINT_H 1
| #define HAVE_UNISTD_H 1
| /* end confdefs.h.  */
| #include <X11/extensions/Xinerama.h>
configure:4094: result: no
configure:4094: checking for X11/extensions/Xinerama.h
configure:4094: result: no
configure:4115: checking X11/extensions/Xrandr.h usability
configure:4115: /nix/store/67x7pknz0qa2j16x02idf0x98lpcspah-gcc-wrapper-14.3.0/bin/cc -c -fuse-ld=gold   conftest.c >&5
conftest.c:54:10: fatal error: X11/extensions/Xrandr.h: No such file or directory
   54 | #include <X11/extensions/Xrandr.h>
      |          ^~~~~~~~~~~~~~~~~~~~~~~~~
compilation terminated.
configure:4115: $? = 1
configure: failed program was:
| /* confdefs.h */
| #define PACKAGE_NAME "Haskell X11 package"
| #define PACKAGE_TARNAME "X11"
| #define PACKAGE_VERSION "1.4.6"
| #define PACKAGE_STRING "Haskell X11 package 1.4.6"
| #define PACKAGE_BUGREPORT "dons@galois.com"
| #define PACKAGE_URL ""
| #define X_CFLAGS 
| #define X_LIBS 
| #define STDC_HEADERS 1
| #define HAVE_SYS_TYPES_H 1
| #define HAVE_SYS_STAT_H 1
| #define HAVE_STDLIB_H 1
| #define HAVE_STRING_H 1
| #define HAVE_MEMORY_H 1
| #define HAVE_STRINGS_H 1
| #define HAVE_INTTYPES_H 1
| #define HAVE_STDINT_H 1
| #define HAVE_UNISTD_H 1
| /* end confdefs.h.  */
| #include <stdio.h>
| #ifdef HAVE_SYS_TYPES_H
| # include <sys/types.h>
| #endif
| #ifdef HAVE_SYS_STAT_H
| # include <sys/stat.h>
| #endif
| #ifdef STDC_HEADERS
| # include <stdlib.h>
| # include <stddef.h>
| #else
| # ifdef HAVE_STDLIB_H
| #  include <stdlib.h>
| # endif
| #endif
| #ifdef HAVE_STRING_H
| # if !defined STDC_HEADERS && defined HAVE_MEMORY_H
| #  include <memory.h>
| # endif
| # include <string.h>
| #endif
| #ifdef HAVE_STRINGS_H
| # include <strings.h>
| #endif
| #ifdef HAVE_INTTYPES_H
| # include <inttypes.h>
| #endif
| #ifdef HAVE_STDINT_H
| # include <stdint.h>
| #endif
| #ifdef HAVE_UNISTD_H
| # include <unistd.h>
| #endif
| #include <X11/extensions/Xrandr.h>
configure:4115: result: no
configure:4115: checking X11/extensions/Xrandr.h presence
configure:4115: /nix/store/67x7pknz0qa2j16x02idf0x98lpcspah-gcc-wrapper-14.3.0/bin/cc -E   conftest.c
conftest.c:21:10: fatal error: X11/extensions/Xrandr.h: No such file or directory
   21 | #include <X11/extensions/Xrandr.h>
      |          ^~~~~~~~~~~~~~~~~~~~~~~~~
compilation terminated.

## ---------------- ##
## Cache variables. ##
## ---------------- ##

ac_cv_c_compiler_gnu=yes
ac_cv_env_CC_set=set
ac_cv_env_CC_value=/nix/store/67x7pknz0qa2j16x02idf0x98lpcspah-gcc-wrapper-14.3.0/bin/cc
ac_cv_env_CFLAGS_set=set
ac_cv_env_CFLAGS_value=-fuse-ld=gold
ac_cv_env_CPPFLAGS_set=
ac_cv_env_CPPFLAGS_value=
ac_cv_env_CPP_set=
ac_cv_env_CPP_value=
ac_cv_env_LDFLAGS_set=
ac_cv_env_LDFLAGS_value=
ac_cv_env_LIBS_set=
ac_cv_env_LIBS_value=
ac_cv_env_XMKMF_set=
ac_cv_env_XMKMF_value=
ac_cv_env_build_alias_set=
ac_cv_env_build_alias_value=
ac_cv_env_host_alias_set=
ac_cv_env_host_alias_value=
ac_cv_env_target_alias_set=
ac_cv_env_target_alias_value=
ac_cv_func_connect=yes
ac_cv_func_gethostbyname=yes
ac_cv_func_remove=yes
ac_cv_func_shmat=yes
ac_cv_have_x='have_x=yes	ac_x_includes='\'''\''	ac_x_libraries='\'''\'''
ac_cv_header_X11_extensions_Xinerama_h=no
ac_cv_header_inttypes_h=yes
ac_cv_header_memory_h=yes
ac_cv_header_stdc=yes
ac_cv_header_stdint_h=yes
ac_cv_header_stdlib_h=yes
ac_cv_header_string_h=yes
ac_cv_header_strings_h=yes
ac_cv_header_sys_stat_h=yes
ac_cv_header_sys_types_h=yes
ac_cv_header_unistd_h=yes
ac_cv_lib_ICE_IceConnectionNumber=no
ac_cv_objext=o
ac_cv_path_EGREP='/nix/store/k7gv42hpqwh6ghiyl4ava9p5r249x6vn-gnugrep-3.12/bin/grep -E'
ac_cv_path_GREP=/nix/store/k7gv42hpqwh6ghiyl4ava9p5r249x6vn-gnugrep-3.12/bin/grep
ac_cv_prog_CPP='/nix/store/67x7pknz0qa2j16x02idf0x98lpcspah-gcc-wrapper-14.3.0/bin/cc -E'
ac_cv_prog_ac_ct_CC=/nix/store/67x7pknz0qa2j16x02idf0x98lpcspah-gcc-wrapper-14.3.0/bin/cc
ac_cv_prog_cc_c89=
ac_cv_prog_cc_g=yes

## ----------------- ##
## Output variables. ##
## ----------------- ##

BUILD_PACKAGE_BOOL='True'
CC='/nix/store/67x7pknz0qa2j16x02idf0x98lpcspah-gcc-wrapper-14.3.0/bin/cc'
CFLAGS='-fuse-ld=gold'
CPP='/nix/store/67x7pknz0qa2j16x02idf0x98lpcspah-gcc-wrapper-14.3.0/bin/cc -E'
CPPFLAGS=' '
DEFS=''
ECHO_C=''
ECHO_N='-n'
ECHO_T=''
EGREP='/nix/store/k7gv42hpqwh6ghiyl4ava9p5r249x6vn-gnugrep-3.12/bin/grep -E'
EXEEXT=''
EXTRA_LIBRARIES=''
GREP='/nix/store/k7gv42hpqwh6ghiyl4ava9p5r249x6vn-gnugrep-3.12/bin/grep'
LDFLAGS=''
LIBOBJS=''
LIBS=''
LTLIBOBJS=''
OBJEXT='o'
PACKAGE_BUGREPORT='dons@galois.com'
PACKAGE_NAME='Haskell X11 package'
PACKAGE_STRING='Haskell X11 package 1.4.6'
PACKAGE_TARNAME='X11'
PACKAGE_URL=''
PACKAGE_VERSION='1.4.6'
PATH_SEPARATOR=':'
SHELL='/nix/store/gkwbw9nzbkbz298njbn3577zmrnglbbi-bash-5.3p0/bin/bash'
X11_BUILD_PACKAGE='yes'
XMKMF=''
X_CFLAGS=''
X_EXTRA_LIBS=''
X_LIBRARIES=''
X_LIBS=''
X_PRE_LIBS=''
ac_ct_CC='/nix/store/67x7pknz0qa2j16x02idf0x98lpcspah-gcc-wrapper-14.3.0/bin/cc'
bindir='/home/foko/.local/state/cabal/store/ghc-9.8.4-4a67/X11-1.10.3-ef6f70c668f7bcd96369bcecd6ef797b994506887e3b2b542beb6357e6445d56/bin'
build_alias=''
datadir='/home/foko/.local/state/cabal/store/ghc-9.8.4-4a67/X11-1.10.3-ef6f70c668f7bcd96369bcecd6ef797b994506887e3b2b542beb6357e6445d56/share'
datarootdir='${prefix}/share'
docdir='${datarootdir}/doc/${PACKAGE_TARNAME}'
dvidir='${docdir}'
exec_prefix='NONE'
host_alias=''
htmldir='${docdir}'
includedir='${prefix}/include'
infodir='${datarootdir}/info'
libdir='/home/foko/.local/state/cabal/store/ghc-9.8.4-4a67/X11-1.10.3-ef6f70c668f7bcd96369bcecd6ef797b994506887e3b2b542beb6357e6445d56/lib'
libexecdir='/home/foko/.local/state/cabal/store/ghc-9.8.4-4a67/X11-1.10.3-ef6f70c668f7bcd96369bcecd6ef797b994506887e3b2b542beb6357e6445d56/libexec'
localedir='${datarootdir}/locale'
localstatedir='${prefix}/var'
mandir='${datarootdir}/man'
oldincludedir='/usr/include'
pdfdir='${docdir}'
prefix='/home/foko/.local/state/cabal/store/ghc-9.8.4-4a67/X11-1.10.3-ef6f70c668f7bcd96369bcecd6ef797b994506887e3b2b542beb6357e6445d56'
program_transform_name='s,x,x,'
psdir='${docdir}'
runstatedir='${localstatedir}/run'
sbindir='${exec_prefix}/sbin'
sharedstatedir='${prefix}/com'
sysconfdir='/home/foko/.local/state/cabal/store/ghc-9.8.4-4a67/X11-1.10.3-ef6f70c668f7bcd96369bcecd6ef797b994506887e3b2b542beb6357e6445d56/etc'
target_alias=''

## ----------- ##
## confdefs.h. ##
## ----------- ##

/* confdefs.h */
#define PACKAGE_NAME "Haskell X11 package"
#define PACKAGE_TARNAME "X11"
#define PACKAGE_VERSION "1.4.6"
#define PACKAGE_STRING "Haskell X11 package 1.4.6"
#define PACKAGE_BUGREPORT "dons@galois.com"
#define PACKAGE_URL ""
#define X_CFLAGS 
#define X_LIBS 
#define STDC_HEADERS 1
#define HAVE_SYS_TYPES_H 1
#define HAVE_SYS_STAT_H 1
#define HAVE_STDLIB_H 1
#define HAVE_STRING_H 1
#define HAVE_MEMORY_H 1
#define HAVE_STRINGS_H 1
#define HAVE_INTTYPES_H 1
#define HAVE_STDINT_H 1
#define HAVE_UNISTD_H 1

configure: caught signal 2
configure: exit 1
